// Jest Snapshot v1, https://goo.gl/fbAQLP

exports[`getEnginesGroupedBySpecifications getEnginesGroupedBySpecifications should return expected output 1`] = `
Object {
  "labels": Array [
    Object {
      "displayOrder": 1,
      "label": "Type",
      "name": "type",
    },
    Object {
      "displayOrder": 2,
      "label": "Displacement",
      "name": "displacement",
    },
    Object {
      "displayOrder": 3,
      "label": "Bore & Stroke",
      "name": "bore___stroke",
    },
    Object {
      "displayOrder": 4,
      "label": "Full Throttle RPM Range",
      "name": "full_throttle_rpm_range",
    },
    Object {
      "displayOrder": 5,
      "label": "Propshaft Rated Horsepower (HP)",
      "name": "propshaft_rated_horsepower__hp_",
    },
    Object {
      "displayOrder": 6,
      "label": "Cooling System",
      "name": "cooling_system",
    },
    Object {
      "displayOrder": 7,
      "label": "Fuel Delivery",
      "name": "fuel_delivery",
    },
    Object {
      "displayOrder": 8,
      "label": "Recommended Fuel",
      "name": "recommended_fuel",
    },
    Object {
      "displayOrder": 9,
      "label": "Ignition System",
      "name": "ignition_system",
    },
    Object {
      "displayOrder": 10,
      "label": "Starting System",
      "name": "starting_system",
    },
    Object {
      "displayOrder": 11,
      "label": "Exhaust",
      "name": "exhaust",
    },
    Object {
      "displayOrder": 12,
      "label": "Lubrication",
      "name": "lubrication",
    },
    Object {
      "displayOrder": 13,
      "label": "Recommended Oil",
      "name": "recommended_oil",
    },
    Object {
      "displayOrder": 14,
      "label": "Oil Capacity",
      "name": "oil_capacity",
    },
    Object {
      "displayOrder": 15,
      "label": "Trim Range",
      "name": "trim_range",
    },
    Object {
      "displayOrder": 16,
      "label": "Tilt Range",
      "name": "tilt_range",
    },
    Object {
      "displayOrder": 17,
      "label": "Steering Angle",
      "name": "steering_angle",
    },
    Object {
      "displayOrder": 18,
      "label": "Gear Ratio",
      "name": "gear_ratio",
    },
    Object {
      "displayOrder": 19,
      "label": "Gear Shift",
      "name": "gear_shift",
    },
    Object {
      "displayOrder": 20,
      "label": "Alternator (Manual Start)",
      "name": "alternator__manual_start_",
    },
    Object {
      "displayOrder": 21,
      "label": "Alternator (Electric Start)",
      "name": "alternator__electric_start_",
    },
    Object {
      "displayOrder": 22,
      "label": "Battery Charging Power",
      "name": "battery_charging_power",
    },
    Object {
      "displayOrder": 23,
      "label": "Power Tilt",
      "name": "power_tilt",
    },
    Object {
      "displayOrder": 24,
      "label": "Power Trim & Tilt",
      "name": "power_trim___tilt",
    },
    Object {
      "displayOrder": 25,
      "label": "Gas Assisted Tilt",
      "name": "gas_assisted_tilt",
    },
    Object {
      "displayOrder": 26,
      "label": "Oil Pressure Alert",
      "name": "oil_pressure_alert",
    },
    Object {
      "displayOrder": 27,
      "label": "Over Rev-Limiter",
      "name": "over_rev_limiter",
    },
    Object {
      "displayOrder": 28,
      "label": "Temperature Alert",
      "name": "temperature_alert",
    },
    Object {
      "displayOrder": 29,
      "label": "Water in Fuel Alert",
      "name": "water_in_fuel_alert",
    },
    Object {
      "displayOrder": 30,
      "label": "Battery Condition Alert",
      "name": "battery_condition_alert",
    },
    Object {
      "displayOrder": 31,
      "label": "Speedometer Pickup",
      "name": "speedometer_pickup",
    },
    Object {
      "displayOrder": 32,
      "label": "Variable Speed Trolling Kit",
      "name": "variable_speed_trolling_kit",
    },
    Object {
      "displayOrder": 33,
      "label": "Rudder Meter Kit",
      "name": "rudder_meter_kit",
    },
    Object {
      "displayOrder": 34,
      "label": "Tilt limiter switch",
      "name": "tilt_limiter_switch",
    },
    Object {
      "displayOrder": 35,
      "label": "Overall Width",
      "name": "overall_width",
    },
    Object {
      "displayOrder": 36,
      "label": "Transom Height (S-Type)",
      "name": "transom_height__s_type_",
    },
    Object {
      "displayOrder": 37,
      "label": "Transom Height (SCHC-Type)",
      "name": "transom_height__schc_type_",
    },
    Object {
      "displayOrder": 38,
      "label": "Transom Height (L-Type)",
      "name": "transom_height__l_type_",
    },
    Object {
      "displayOrder": 39,
      "label": "Transom Height (LCHC-Type)",
      "name": "transom_height__lchc_type_",
    },
    Object {
      "displayOrder": 40,
      "label": "Transom Height (X-Type)",
      "name": "transom_height__x_type_",
    },
    Object {
      "displayOrder": 41,
      "label": "Transom Height (XX-Type)",
      "name": "transom_height__xx_type_",
    },
    Object {
      "displayOrder": 42,
      "label": "Propeller Type",
      "name": "propeller_type",
    },
    Object {
      "displayOrder": 43,
      "label": "Propeller Diameter x Pitch (S-Type)",
      "name": "propeller_diameter_x_pitch__s_type_",
    },
    Object {
      "displayOrder": 44,
      "label": "Propeller Diameter x Pitch (L-Type)",
      "name": "propeller_diameter_x_pitch__l_type_",
    },
    Object {
      "displayOrder": 45,
      "label": "Propeller Diameter x Pitch (BF(P) Models)",
      "name": "propeller_diameter_x_pitch__bf_p__models_",
    },
    Object {
      "displayOrder": 46,
      "label": "S-Type",
      "name": "s_type",
    },
    Object {
      "displayOrder": 47,
      "label": "SCHC-Type",
      "name": "schc_type",
    },
    Object {
      "displayOrder": 48,
      "label": "SHGC-Type",
      "name": "shgc_type",
    },
    Object {
      "displayOrder": 49,
      "label": "SHS-Type",
      "name": "shs_type",
    },
    Object {
      "displayOrder": 50,
      "label": "SRC-Type",
      "name": "src_type",
    },
    Object {
      "displayOrder": 51,
      "label": "L-Type",
      "name": "l_type",
    },
    Object {
      "displayOrder": 52,
      "label": "LCHC-Type",
      "name": "lchc_type",
    },
    Object {
      "displayOrder": 53,
      "label": "LHGC-Type",
      "name": "lhgc_type",
    },
    Object {
      "displayOrder": 54,
      "label": "LRTC-Type",
      "name": "lrtc_type",
    },
    Object {
      "displayOrder": 55,
      "label": "X-Type",
      "name": "x_type",
    },
    Object {
      "displayOrder": 56,
      "label": "XC-Type",
      "name": "xc_type",
    },
    Object {
      "displayOrder": 57,
      "label": "XRTC-Type",
      "name": "xrtc_type",
    },
    Object {
      "displayOrder": 58,
      "label": "XX-Type",
      "name": "xx_type",
    },
  ],
  "specs": Array [
    Array [
      Object {
        "displayOrder": 1,
        "label": "Type",
        "name": "type",
        "tip": "",
        "value": "4-Stroke DOHC; 4 Cylinder / 16 Valves",
      },
      Object {
        "displayOrder": 2,
        "label": "Displacement",
        "name": "displacement",
        "tip": "",
        "value": "2,354 cc / 144 cubic in.",
      },
      Object {
        "displayOrder": 3,
        "label": "Bore & Stroke",
        "name": "bore___stroke",
        "tip": "",
        "value": "87 x 99 mm (3.43 x 3.89 in.)",
      },
      Object {
        "displayOrder": 4,
        "label": "Full Throttle RPM Range",
        "name": "full_throttle_rpm_range",
        "tip": "",
        "value": "4,500-6,000 RPM",
      },
      Object {
        "displayOrder": 5,
        "label": "Propshaft Rated Horsepower (HP)",
        "name": "propshaft_rated_horsepower__hp_",
        "tip": "",
        "value": "115 hp @ 5,250 RPM",
      },
      Object {
        "displayOrder": 6,
        "label": "Cooling System",
        "name": "cooling_system",
        "tip": "",
        "value": "Water Cooled",
      },
      Object {
        "displayOrder": 7,
        "label": "Fuel Delivery",
        "name": "fuel_delivery",
        "tip": "",
        "value": "Programmed Electronic Fuel Injection (PGM-FI)",
      },
      Object {
        "displayOrder": 8,
        "label": "Recommended Fuel",
        "name": "recommended_fuel",
        "tip": "",
        "value": "Unleaded Gas. (Min. Pump Octane 86)",
      },
      Object {
        "displayOrder": 9,
        "label": "Ignition System",
        "name": "ignition_system",
        "tip": "",
        "value": "MicroComputer Programmed",
      },
      Object {
        "displayOrder": 10,
        "label": "Starting System",
        "name": "starting_system",
        "tip": "",
        "value": "Electric",
      },
      Object {
        "displayOrder": 11,
        "label": "Exhaust",
        "name": "exhaust",
        "tip": "",
        "value": "Through Prop Hub",
      },
      Object {
        "displayOrder": 12,
        "label": "Lubrication",
        "name": "lubrication",
        "tip": "",
        "value": "Wet Sump",
      },
      Object {
        "displayOrder": 13,
        "label": "Recommended Oil",
        "name": "recommended_oil",
        "tip": "",
        "value": "Honda 10W30 FC-W<sup>™</sup> outboard motor oil",
      },
      Object {
        "displayOrder": 14,
        "label": "Oil Capacity",
        "name": "oil_capacity",
        "tip": "",
        "value": "6.70 L (5.90 Imp. qt) with oil filter repl.",
      },
      Object {
        "displayOrder": 15,
        "label": "Trim Range",
        "name": "trim_range",
        "tip": "",
        "value": "-4° to +16°",
      },
      Object {
        "displayOrder": 16,
        "label": "Tilt Range",
        "name": "tilt_range",
        "tip": "",
        "value": "68°",
      },
      Object {
        "displayOrder": 17,
        "label": "Steering Angle",
        "name": "steering_angle",
        "tip": "",
        "value": "30°",
      },
      Object {
        "displayOrder": 18,
        "label": "Gear Ratio",
        "name": "gear_ratio",
        "tip": "",
        "value": "2.14:1",
      },
      Object {
        "displayOrder": 19,
        "label": "Gear Shift",
        "name": "gear_shift",
        "tip": "",
        "value": "F-N-R",
      },
      Object {
        "displayOrder": 20,
        "label": "Alternator (Manual Start)",
        "name": "alternator__manual_start_",
        "tip": "",
        "value": "N/A",
      },
      Object {
        "displayOrder": 21,
        "label": "Alternator (Electric Start)",
        "name": "alternator__electric_start_",
        "tip": "",
        "value": "55 amp",
      },
      Object {
        "displayOrder": 22,
        "label": "Battery Charging Power",
        "name": "battery_charging_power",
        "tip": "",
        "value": "40 amp",
      },
      Object {
        "displayOrder": 23,
        "label": "Power Tilt",
        "name": "power_tilt",
        "tip": "",
        "value": "N/A",
      },
      Object {
        "displayOrder": 24,
        "label": "Power Trim & Tilt",
        "name": "power_trim___tilt",
        "tip": "",
        "value": "Standard",
      },
      Object {
        "displayOrder": 25,
        "label": "Gas Assisted Tilt",
        "name": "gas_assisted_tilt",
        "tip": "",
        "value": "N/A",
      },
      Object {
        "displayOrder": 26,
        "label": "Oil Pressure Alert",
        "name": "oil_pressure_alert",
        "tip": "",
        "value": "Standard",
      },
      Object {
        "displayOrder": 27,
        "label": "Over Rev-Limiter",
        "name": "over_rev_limiter",
        "tip": "",
        "value": "Standard",
      },
      Object {
        "displayOrder": 28,
        "label": "Temperature Alert",
        "name": "temperature_alert",
        "tip": "",
        "value": "Standard",
      },
      Object {
        "displayOrder": 29,
        "label": "Water in Fuel Alert",
        "name": "water_in_fuel_alert",
        "tip": "",
        "value": "Standard",
      },
      Object {
        "displayOrder": 30,
        "label": "Battery Condition Alert",
        "name": "battery_condition_alert",
        "tip": "",
        "value": "Standard",
      },
      Object {
        "displayOrder": 31,
        "label": "Speedometer Pickup",
        "name": "speedometer_pickup",
        "tip": "",
        "value": "Standard*",
      },
      Object {
        "displayOrder": 32,
        "label": "Variable Speed Trolling Kit",
        "name": "variable_speed_trolling_kit",
        "tip": "",
        "value": "Optional",
      },
      Object {
        "displayOrder": 33,
        "label": "Rudder Meter Kit",
        "name": "rudder_meter_kit",
        "tip": "",
        "value": "N/A",
      },
      Object {
        "displayOrder": 34,
        "label": "Tilt limiter switch",
        "name": "tilt_limiter_switch",
        "tip": "Correction in green",
        "value": "Standard",
      },
      Object {
        "displayOrder": 35,
        "label": "Overall Width",
        "name": "overall_width",
        "tip": "Correction in green",
        "value": "610 mm/24 in.",
      },
      Object {
        "displayOrder": 36,
        "label": "Transom Height (S-Type)",
        "name": "transom_height__s_type_",
        "tip": "",
        "value": "N/A",
      },
      Object {
        "displayOrder": 37,
        "label": "Transom Height (SCHC-Type)",
        "name": "transom_height__schc_type_",
        "tip": "",
        "value": "N/A",
      },
      Object {
        "displayOrder": 38,
        "label": "Transom Height (L-Type)",
        "name": "transom_height__l_type_",
        "tip": "",
        "value": "508 mm / 20 in.",
      },
      Object {
        "displayOrder": 39,
        "label": "Transom Height (LCHC-Type)",
        "name": "transom_height__lchc_type_",
        "tip": "",
        "value": "N/A",
      },
      Object {
        "displayOrder": 40,
        "label": "Transom Height (X-Type)",
        "name": "transom_height__x_type_",
        "tip": "",
        "value": "635 mm / 25 in.",
      },
      Object {
        "displayOrder": 41,
        "label": "Transom Height (XX-Type)",
        "name": "transom_height__xx_type_",
        "tip": "",
        "value": "N/A",
      },
      Object {
        "displayOrder": 42,
        "label": "Propeller Type",
        "name": "propeller_type",
        "tip": "",
        "value": "Optional",
      },
      Object {
        "displayOrder": 43,
        "label": "Propeller Diameter x Pitch (S-Type)",
        "name": "propeller_diameter_x_pitch__s_type_",
        "tip": "",
        "value": "N/A",
      },
      Object {
        "displayOrder": 44,
        "label": "Propeller Diameter x Pitch (L-Type)",
        "name": "propeller_diameter_x_pitch__l_type_",
        "tip": "",
        "value": "N/A",
      },
      Object {
        "displayOrder": 45,
        "label": "Propeller Diameter x Pitch (BF(P) Models)",
        "name": "propeller_diameter_x_pitch__bf_p__models_",
        "tip": "",
        "value": "N/A",
      },
      Object {
        "displayOrder": 46,
        "label": "S-Type",
        "name": "s_type",
        "tip": "",
        "value": "N/A",
      },
      Object {
        "displayOrder": 47,
        "label": "SCHC-Type",
        "name": "schc_type",
        "tip": "",
        "value": "N/A",
      },
      Object {
        "displayOrder": 48,
        "label": "SHGC-Type",
        "name": "shgc_type",
        "tip": "",
        "value": "N/A",
      },
      Object {
        "displayOrder": 49,
        "label": "SHS-Type",
        "name": "shs_type",
        "tip": "",
        "value": "N/A",
      },
      Object {
        "displayOrder": 50,
        "label": "SRC-Type",
        "name": "src_type",
        "tip": "",
        "value": "N/A",
      },
      Object {
        "displayOrder": 51,
        "label": "L-Type",
        "name": "l_type",
        "tip": "Correction in green",
        "value": "218 kg/480 lb.(mech); 
221kg/487lb. (iST)",
      },
      Object {
        "displayOrder": 52,
        "label": "LCHC-Type",
        "name": "lchc_type",
        "tip": "",
        "value": "N/A",
      },
      Object {
        "displayOrder": 53,
        "label": "LHGC-Type",
        "name": "lhgc_type",
        "tip": "",
        "value": "N/A",
      },
      Object {
        "displayOrder": 54,
        "label": "LRTC-Type",
        "name": "lrtc_type",
        "tip": "",
        "value": "N/A",
      },
      Object {
        "displayOrder": 55,
        "label": "X-Type",
        "name": "x_type",
        "tip": "Correction in green",
        "value": "221 kg/487 lb. (mech); 
224kg/493 lb. (iST)",
      },
      Object {
        "displayOrder": 56,
        "label": "XC-Type",
        "name": "xc_type",
        "tip": "",
        "value": "N/A",
      },
      Object {
        "displayOrder": 57,
        "label": "XRTC-Type",
        "name": "xrtc_type",
        "tip": "",
        "value": "N/A",
      },
      Object {
        "displayOrder": 58,
        "label": "XX-Type",
        "name": "xx_type",
        "tip": "",
        "value": "N/A",
      },
    ],
    Array [
      Object {
        "displayOrder": 1,
        "label": "Type",
        "name": "type",
        "tip": "",
        "value": "4-Stroke DOHC, VTEC; 4 Cylinder / 16 Valves",
      },
      Object {
        "displayOrder": 2,
        "label": "Displacement",
        "name": "displacement",
        "tip": "",
        "value": "2, 354 cc / 144 cubic in.",
      },
      Object {
        "displayOrder": 3,
        "label": "Bore & Stroke",
        "name": "bore___stroke",
        "tip": "",
        "value": "87 x 99 mm (3.43 x 3.89 in.)",
      },
      Object {
        "displayOrder": 4,
        "label": "Full Throttle RPM Range",
        "name": "full_throttle_rpm_range",
        "tip": "",
        "value": "5,000-6,000 RPM",
      },
      Object {
        "displayOrder": 5,
        "label": "Propshaft Rated Horsepower (HP)",
        "name": "propshaft_rated_horsepower__hp_",
        "tip": "",
        "value": "150 hp @ 5,500 RPM",
      },
      Object {
        "displayOrder": 6,
        "label": "Cooling System",
        "name": "cooling_system",
        "tip": "",
        "value": "Water Cooled",
      },
      Object {
        "displayOrder": 7,
        "label": "Fuel Delivery",
        "name": "fuel_delivery",
        "tip": "",
        "value": "Programmed Electronic Fuel Injection (PGM-FI)",
      },
      Object {
        "displayOrder": 8,
        "label": "Recommended Fuel",
        "name": "recommended_fuel",
        "tip": "",
        "value": "Unleaded Gas. (Min. Pump Octane 86)",
      },
      Object {
        "displayOrder": 9,
        "label": "Ignition System",
        "name": "ignition_system",
        "tip": "",
        "value": "MicroComputer Programmed",
      },
      Object {
        "displayOrder": 10,
        "label": "Starting System",
        "name": "starting_system",
        "tip": "",
        "value": "Electric",
      },
      Object {
        "displayOrder": 11,
        "label": "Exhaust",
        "name": "exhaust",
        "tip": "",
        "value": "Through Prop Hub",
      },
      Object {
        "displayOrder": 12,
        "label": "Lubrication",
        "name": "lubrication",
        "tip": "",
        "value": "Wet Sump",
      },
      Object {
        "displayOrder": 13,
        "label": "Recommended Oil",
        "name": "recommended_oil",
        "tip": "",
        "value": "Honda 10W30 FC-W™ outboard motor oil",
      },
      Object {
        "displayOrder": 14,
        "label": "Oil Capacity",
        "name": "oil_capacity",
        "tip": "",
        "value": "6.70 L (5.90 Imp. qt) with oil filter repl.",
      },
      Object {
        "displayOrder": 15,
        "label": "Trim Range",
        "name": "trim_range",
        "tip": "",
        "value": "-4° to +16°",
      },
      Object {
        "displayOrder": 16,
        "label": "Tilt Range",
        "name": "tilt_range",
        "tip": "",
        "value": "72°",
      },
      Object {
        "displayOrder": 17,
        "label": "Steering Angle",
        "name": "steering_angle",
        "tip": "",
        "value": "30°",
      },
      Object {
        "displayOrder": 18,
        "label": "Gear Ratio",
        "name": "gear_ratio",
        "tip": "",
        "value": "2.14:1",
      },
      Object {
        "displayOrder": 19,
        "label": "Gear Shift",
        "name": "gear_shift",
        "tip": "",
        "value": "F-N-R",
      },
      Object {
        "displayOrder": 20,
        "label": "Alternator (Manual Start)",
        "name": "alternator__manual_start_",
        "tip": "",
        "value": "N/A",
      },
      Object {
        "displayOrder": 21,
        "label": "Alternator (Electric Start)",
        "name": "alternator__electric_start_",
        "tip": "",
        "value": "51 amp",
      },
      Object {
        "displayOrder": 22,
        "label": "Battery Charging Power",
        "name": "battery_charging_power",
        "tip": "",
        "value": "30 amp @1,000 RPM; 40 amp @2,000+ RPM",
      },
      Object {
        "displayOrder": 23,
        "label": "Power Tilt",
        "name": "power_tilt",
        "tip": "",
        "value": "N/A",
      },
      Object {
        "displayOrder": 24,
        "label": "Power Trim & Tilt",
        "name": "power_trim___tilt",
        "tip": "",
        "value": "Standard",
      },
      Object {
        "displayOrder": 25,
        "label": "Gas Assisted Tilt",
        "name": "gas_assisted_tilt",
        "tip": "",
        "value": "N/A",
      },
      Object {
        "displayOrder": 26,
        "label": "Oil Pressure Alert",
        "name": "oil_pressure_alert",
        "tip": "",
        "value": "Standard",
      },
      Object {
        "displayOrder": 27,
        "label": "Over Rev-Limiter",
        "name": "over_rev_limiter",
        "tip": "",
        "value": "Standard",
      },
      Object {
        "displayOrder": 28,
        "label": "Temperature Alert",
        "name": "temperature_alert",
        "tip": "",
        "value": "Standard",
      },
      Object {
        "displayOrder": 29,
        "label": "Water in Fuel Alert",
        "name": "water_in_fuel_alert",
        "tip": "",
        "value": "Standard",
      },
      Object {
        "displayOrder": 30,
        "label": "Battery Condition Alert",
        "name": "battery_condition_alert",
        "tip": "",
        "value": "Standard",
      },
      Object {
        "displayOrder": 31,
        "label": "Speedometer Pickup",
        "name": "speedometer_pickup",
        "tip": "",
        "value": "Standard",
      },
      Object {
        "displayOrder": 32,
        "label": "Variable Speed Trolling Kit",
        "name": "variable_speed_trolling_kit",
        "tip": "",
        "value": "Optional",
      },
      Object {
        "displayOrder": 33,
        "label": "Rudder Meter Kit",
        "name": "rudder_meter_kit",
        "tip": "",
        "value": "N/A",
      },
      Object {
        "displayOrder": 34,
        "label": "Tilt limiter switch",
        "name": "tilt_limiter_switch",
        "tip": "Correction in green",
        "value": "Standard",
      },
      Object {
        "displayOrder": 35,
        "label": "Overall Width",
        "name": "overall_width",
        "tip": "Correction in green",
        "value": "610 mm/24 in.",
      },
      Object {
        "displayOrder": 36,
        "label": "Transom Height (S-Type)",
        "name": "transom_height__s_type_",
        "tip": "",
        "value": "N/A",
      },
      Object {
        "displayOrder": 37,
        "label": "Transom Height (SCHC-Type)",
        "name": "transom_height__schc_type_",
        "tip": "",
        "value": "N/A",
      },
      Object {
        "displayOrder": 38,
        "label": "Transom Height (L-Type)",
        "name": "transom_height__l_type_",
        "tip": "",
        "value": "508 mm / 20 in.",
      },
      Object {
        "displayOrder": 39,
        "label": "Transom Height (LCHC-Type)",
        "name": "transom_height__lchc_type_",
        "tip": "",
        "value": "N/A",
      },
      Object {
        "displayOrder": 40,
        "label": "Transom Height (X-Type)",
        "name": "transom_height__x_type_",
        "tip": "",
        "value": "635 mm / 25 in.",
      },
      Object {
        "displayOrder": 41,
        "label": "Transom Height (XX-Type)",
        "name": "transom_height__xx_type_",
        "tip": "",
        "value": "N/A",
      },
      Object {
        "displayOrder": 42,
        "label": "Propeller Type",
        "name": "propeller_type",
        "tip": "",
        "value": "Optional",
      },
      Object {
        "displayOrder": 43,
        "label": "Propeller Diameter x Pitch (S-Type)",
        "name": "propeller_diameter_x_pitch__s_type_",
        "tip": "",
        "value": "N/A",
      },
      Object {
        "displayOrder": 44,
        "label": "Propeller Diameter x Pitch (L-Type)",
        "name": "propeller_diameter_x_pitch__l_type_",
        "tip": "",
        "value": "N/A",
      },
      Object {
        "displayOrder": 45,
        "label": "Propeller Diameter x Pitch (BF(P) Models)",
        "name": "propeller_diameter_x_pitch__bf_p__models_",
        "tip": "",
        "value": "N/A",
      },
      Object {
        "displayOrder": 46,
        "label": "S-Type",
        "name": "s_type",
        "tip": "",
        "value": "N/A",
      },
      Object {
        "displayOrder": 47,
        "label": "SCHC-Type",
        "name": "schc_type",
        "tip": "",
        "value": "N/A",
      },
      Object {
        "displayOrder": 48,
        "label": "SHGC-Type",
        "name": "shgc_type",
        "tip": "",
        "value": "N/A",
      },
      Object {
        "displayOrder": 49,
        "label": "SHS-Type",
        "name": "shs_type",
        "tip": "",
        "value": "N/A",
      },
      Object {
        "displayOrder": 50,
        "label": "SRC-Type",
        "name": "src_type",
        "tip": "",
        "value": "N/A",
      },
      Object {
        "displayOrder": 51,
        "label": "L-Type",
        "name": "l_type",
        "tip": "Not in lineup",
        "value": "217 kg / 478 lbs (With propeller mounted)",
      },
      Object {
        "displayOrder": 52,
        "label": "LCHC-Type",
        "name": "lchc_type",
        "tip": "",
        "value": "N/A",
      },
      Object {
        "displayOrder": 53,
        "label": "LHGC-Type",
        "name": "lhgc_type",
        "tip": "",
        "value": "N/A",
      },
      Object {
        "displayOrder": 54,
        "label": "LRTC-Type",
        "name": "lrtc_type",
        "tip": "",
        "value": "N/A",
      },
      Object {
        "displayOrder": 55,
        "label": "X-Type",
        "name": "x_type",
        "tip": "Correction in green",
        "value": "221 kg/487 lb. (mech); 
224 kg/493 lb. (iST)",
      },
      Object {
        "displayOrder": 56,
        "label": "XC-Type",
        "name": "xc_type",
        "tip": "Correction in green",
        "value": "224 kg/494 lb. (mech); 
227 kg/500lb. (iST)",
      },
      Object {
        "displayOrder": 57,
        "label": "XRTC Type",
        "name": "xrtc_type",
        "tip": "",
        "value": "N/A",
      },
      Object {
        "displayOrder": 58,
        "label": "XX Type",
        "name": "xx_type",
        "tip": "",
        "value": "N/A",
      },
    ],
    Array [
      Object {
        "displayOrder": 1,
        "label": "Type",
        "name": "type",
      },
      Object {
        "displayOrder": 2,
        "label": "Displacement",
        "name": "displacement",
      },
      Object {
        "displayOrder": 3,
        "label": "Bore & Stroke",
        "name": "bore___stroke",
      },
      Object {
        "displayOrder": 4,
        "label": "Full Throttle RPM Range",
        "name": "full_throttle_rpm_range",
      },
      Object {
        "displayOrder": 5,
        "label": "Propshaft Rated Horsepower (HP)",
        "name": "propshaft_rated_horsepower__hp_",
      },
      Object {
        "displayOrder": 6,
        "label": "Cooling System",
        "name": "cooling_system",
      },
      Object {
        "displayOrder": 7,
        "label": "Fuel Delivery",
        "name": "fuel_delivery",
      },
      Object {
        "displayOrder": 8,
        "label": "Recommended Fuel",
        "name": "recommended_fuel",
      },
      Object {
        "displayOrder": 9,
        "label": "Ignition System",
        "name": "ignition_system",
      },
      Object {
        "displayOrder": 10,
        "label": "Starting System",
        "name": "starting_system",
      },
      Object {
        "displayOrder": 11,
        "label": "Exhaust",
        "name": "exhaust",
      },
      Object {
        "displayOrder": 12,
        "label": "Lubrication",
        "name": "lubrication",
      },
      Object {
        "displayOrder": 13,
        "label": "Recommended Oil",
        "name": "recommended_oil",
      },
      Object {
        "displayOrder": 14,
        "label": "Oil Capacity",
        "name": "oil_capacity",
      },
      Object {
        "displayOrder": 15,
        "label": "Trim Range",
        "name": "trim_range",
      },
      Object {
        "displayOrder": 16,
        "label": "Tilt Range",
        "name": "tilt_range",
      },
      Object {
        "displayOrder": 17,
        "label": "Steering Angle",
        "name": "steering_angle",
      },
      Object {
        "displayOrder": 18,
        "label": "Gear Ratio",
        "name": "gear_ratio",
      },
      Object {
        "displayOrder": 19,
        "label": "Gear Shift",
        "name": "gear_shift",
      },
      Object {
        "displayOrder": 20,
        "label": "Alternator (Manual Start)",
        "name": "alternator__manual_start_",
      },
      Object {
        "displayOrder": 21,
        "label": "Alternator (Electric Start)",
        "name": "alternator__electric_start_",
      },
      Object {
        "displayOrder": 22,
        "label": "Battery Charging Power",
        "name": "battery_charging_power",
      },
      Object {
        "displayOrder": 23,
        "label": "Power Tilt",
        "name": "power_tilt",
      },
      Object {
        "displayOrder": 24,
        "label": "Power Trim & Tilt",
        "name": "power_trim___tilt",
      },
      Object {
        "displayOrder": 25,
        "label": "Gas Assisted Tilt",
        "name": "gas_assisted_tilt",
      },
      Object {
        "displayOrder": 26,
        "label": "Oil Pressure Alert",
        "name": "oil_pressure_alert",
      },
      Object {
        "displayOrder": 27,
        "label": "Over Rev-Limiter",
        "name": "over_rev_limiter",
      },
      Object {
        "displayOrder": 28,
        "label": "Temperature Alert",
        "name": "temperature_alert",
      },
      Object {
        "displayOrder": 29,
        "label": "Water in Fuel Alert",
        "name": "water_in_fuel_alert",
      },
      Object {
        "displayOrder": 30,
        "label": "Battery Condition Alert",
        "name": "battery_condition_alert",
      },
      Object {
        "displayOrder": 31,
        "label": "Speedometer Pickup",
        "name": "speedometer_pickup",
      },
      Object {
        "displayOrder": 32,
        "label": "Variable Speed Trolling Kit",
        "name": "variable_speed_trolling_kit",
      },
      Object {
        "displayOrder": 33,
        "label": "Rudder Meter Kit",
        "name": "rudder_meter_kit",
      },
      Object {
        "displayOrder": 34,
        "label": "Tilt limiter switch",
        "name": "tilt_limiter_switch",
      },
      Object {
        "displayOrder": 35,
        "label": "Overall Width",
        "name": "overall_width",
      },
      Object {
        "displayOrder": 36,
        "label": "Transom Height (S-Type)",
        "name": "transom_height__s_type_",
      },
      Object {
        "displayOrder": 37,
        "label": "Transom Height (SCHC-Type)",
        "name": "transom_height__schc_type_",
      },
      Object {
        "displayOrder": 38,
        "label": "Transom Height (L-Type)",
        "name": "transom_height__l_type_",
      },
      Object {
        "displayOrder": 39,
        "label": "Transom Height (LCHC-Type)",
        "name": "transom_height__lchc_type_",
      },
      Object {
        "displayOrder": 40,
        "label": "Transom Height (X-Type)",
        "name": "transom_height__x_type_",
      },
      Object {
        "displayOrder": 41,
        "label": "Transom Height (XX-Type)",
        "name": "transom_height__xx_type_",
      },
      Object {
        "displayOrder": 42,
        "label": "Propeller Type",
        "name": "propeller_type",
      },
      Object {
        "displayOrder": 43,
        "label": "Propeller Diameter x Pitch (S-Type)",
        "name": "propeller_diameter_x_pitch__s_type_",
      },
      Object {
        "displayOrder": 44,
        "label": "Propeller Diameter x Pitch (L-Type)",
        "name": "propeller_diameter_x_pitch__l_type_",
      },
      Object {
        "displayOrder": 45,
        "label": "Propeller Diameter x Pitch (BF(P) Models)",
        "name": "propeller_diameter_x_pitch__bf_p__models_",
      },
      Object {
        "displayOrder": 46,
        "label": "S-Type",
        "name": "s_type",
      },
      Object {
        "displayOrder": 47,
        "label": "SCHC-Type",
        "name": "schc_type",
      },
      Object {
        "displayOrder": 48,
        "label": "SHGC-Type",
        "name": "shgc_type",
      },
      Object {
        "displayOrder": 49,
        "label": "SHS-Type",
        "name": "shs_type",
      },
      Object {
        "displayOrder": 50,
        "label": "SRC-Type",
        "name": "src_type",
      },
      Object {
        "displayOrder": 51,
        "label": "L-Type",
        "name": "l_type",
      },
      Object {
        "displayOrder": 52,
        "label": "LCHC-Type",
        "name": "lchc_type",
      },
      Object {
        "displayOrder": 53,
        "label": "LHGC-Type",
        "name": "lhgc_type",
      },
      Object {
        "displayOrder": 54,
        "label": "LRTC-Type",
        "name": "lrtc_type",
      },
      Object {
        "displayOrder": 55,
        "label": "X-Type",
        "name": "x_type",
      },
      Object {
        "displayOrder": 56,
        "label": "XC-Type",
        "name": "xc_type",
      },
      Object {
        "displayOrder": 57,
        "label": "XRTC-Type",
        "name": "xrtc_type",
      },
      Object {
        "displayOrder": 58,
        "label": "XX-Type",
        "name": "xx_type",
      },
    ],
    Array [
      Object {
        "displayOrder": 1,
        "label": "Type",
        "name": "type",
      },
      Object {
        "displayOrder": 2,
        "label": "Displacement",
        "name": "displacement",
      },
      Object {
        "displayOrder": 3,
        "label": "Bore & Stroke",
        "name": "bore___stroke",
      },
      Object {
        "displayOrder": 4,
        "label": "Full Throttle RPM Range",
        "name": "full_throttle_rpm_range",
      },
      Object {
        "displayOrder": 5,
        "label": "Propshaft Rated Horsepower (HP)",
        "name": "propshaft_rated_horsepower__hp_",
      },
      Object {
        "displayOrder": 6,
        "label": "Cooling System",
        "name": "cooling_system",
      },
      Object {
        "displayOrder": 7,
        "label": "Fuel Delivery",
        "name": "fuel_delivery",
      },
      Object {
        "displayOrder": 8,
        "label": "Recommended Fuel",
        "name": "recommended_fuel",
      },
      Object {
        "displayOrder": 9,
        "label": "Ignition System",
        "name": "ignition_system",
      },
      Object {
        "displayOrder": 10,
        "label": "Starting System",
        "name": "starting_system",
      },
      Object {
        "displayOrder": 11,
        "label": "Exhaust",
        "name": "exhaust",
      },
      Object {
        "displayOrder": 12,
        "label": "Lubrication",
        "name": "lubrication",
      },
      Object {
        "displayOrder": 13,
        "label": "Recommended Oil",
        "name": "recommended_oil",
      },
      Object {
        "displayOrder": 14,
        "label": "Oil Capacity",
        "name": "oil_capacity",
      },
      Object {
        "displayOrder": 15,
        "label": "Trim Range",
        "name": "trim_range",
      },
      Object {
        "displayOrder": 16,
        "label": "Tilt Range",
        "name": "tilt_range",
      },
      Object {
        "displayOrder": 17,
        "label": "Steering Angle",
        "name": "steering_angle",
      },
      Object {
        "displayOrder": 18,
        "label": "Gear Ratio",
        "name": "gear_ratio",
      },
      Object {
        "displayOrder": 19,
        "label": "Gear Shift",
        "name": "gear_shift",
      },
      Object {
        "displayOrder": 20,
        "label": "Alternator (Manual Start)",
        "name": "alternator__manual_start_",
      },
      Object {
        "displayOrder": 21,
        "label": "Alternator (Electric Start)",
        "name": "alternator__electric_start_",
      },
      Object {
        "displayOrder": 22,
        "label": "Battery Charging Power",
        "name": "battery_charging_power",
      },
      Object {
        "displayOrder": 23,
        "label": "Power Tilt",
        "name": "power_tilt",
      },
      Object {
        "displayOrder": 24,
        "label": "Power Trim & Tilt",
        "name": "power_trim___tilt",
      },
      Object {
        "displayOrder": 25,
        "label": "Gas Assisted Tilt",
        "name": "gas_assisted_tilt",
      },
      Object {
        "displayOrder": 26,
        "label": "Oil Pressure Alert",
        "name": "oil_pressure_alert",
      },
      Object {
        "displayOrder": 27,
        "label": "Over Rev-Limiter",
        "name": "over_rev_limiter",
      },
      Object {
        "displayOrder": 28,
        "label": "Temperature Alert",
        "name": "temperature_alert",
      },
      Object {
        "displayOrder": 29,
        "label": "Water in Fuel Alert",
        "name": "water_in_fuel_alert",
      },
      Object {
        "displayOrder": 30,
        "label": "Battery Condition Alert",
        "name": "battery_condition_alert",
      },
      Object {
        "displayOrder": 31,
        "label": "Speedometer Pickup",
        "name": "speedometer_pickup",
      },
      Object {
        "displayOrder": 32,
        "label": "Variable Speed Trolling Kit",
        "name": "variable_speed_trolling_kit",
      },
      Object {
        "displayOrder": 33,
        "label": "Rudder Meter Kit",
        "name": "rudder_meter_kit",
      },
      Object {
        "displayOrder": 34,
        "label": "Tilt limiter switch",
        "name": "tilt_limiter_switch",
      },
      Object {
        "displayOrder": 35,
        "label": "Overall Width",
        "name": "overall_width",
      },
      Object {
        "displayOrder": 36,
        "label": "Transom Height (S-Type)",
        "name": "transom_height__s_type_",
      },
      Object {
        "displayOrder": 37,
        "label": "Transom Height (SCHC-Type)",
        "name": "transom_height__schc_type_",
      },
      Object {
        "displayOrder": 38,
        "label": "Transom Height (L-Type)",
        "name": "transom_height__l_type_",
      },
      Object {
        "displayOrder": 39,
        "label": "Transom Height (LCHC-Type)",
        "name": "transom_height__lchc_type_",
      },
      Object {
        "displayOrder": 40,
        "label": "Transom Height (X-Type)",
        "name": "transom_height__x_type_",
      },
      Object {
        "displayOrder": 41,
        "label": "Transom Height (XX-Type)",
        "name": "transom_height__xx_type_",
      },
      Object {
        "displayOrder": 42,
        "label": "Propeller Type",
        "name": "propeller_type",
      },
      Object {
        "displayOrder": 43,
        "label": "Propeller Diameter x Pitch (S-Type)",
        "name": "propeller_diameter_x_pitch__s_type_",
      },
      Object {
        "displayOrder": 44,
        "label": "Propeller Diameter x Pitch (L-Type)",
        "name": "propeller_diameter_x_pitch__l_type_",
      },
      Object {
        "displayOrder": 45,
        "label": "Propeller Diameter x Pitch (BF(P) Models)",
        "name": "propeller_diameter_x_pitch__bf_p__models_",
      },
      Object {
        "displayOrder": 46,
        "label": "S-Type",
        "name": "s_type",
      },
      Object {
        "displayOrder": 47,
        "label": "SCHC-Type",
        "name": "schc_type",
      },
      Object {
        "displayOrder": 48,
        "label": "SHGC-Type",
        "name": "shgc_type",
      },
      Object {
        "displayOrder": 49,
        "label": "SHS-Type",
        "name": "shs_type",
      },
      Object {
        "displayOrder": 50,
        "label": "SRC-Type",
        "name": "src_type",
      },
      Object {
        "displayOrder": 51,
        "label": "L-Type",
        "name": "l_type",
      },
      Object {
        "displayOrder": 52,
        "label": "LCHC-Type",
        "name": "lchc_type",
      },
      Object {
        "displayOrder": 53,
        "label": "LHGC-Type",
        "name": "lhgc_type",
      },
      Object {
        "displayOrder": 54,
        "label": "LRTC-Type",
        "name": "lrtc_type",
      },
      Object {
        "displayOrder": 55,
        "label": "X-Type",
        "name": "x_type",
      },
      Object {
        "displayOrder": 56,
        "label": "XC-Type",
        "name": "xc_type",
      },
      Object {
        "displayOrder": 57,
        "label": "XRTC-Type",
        "name": "xrtc_type",
      },
      Object {
        "displayOrder": 58,
        "label": "XX-Type",
        "name": "xx_type",
      },
    ],
  ],
}
`;
