// Jest Snapshot v1, https://goo.gl/fbAQLP

exports[`<TrimPriceWithTooltip> it should have no accessibility violations 1`] = `
<div>
  <div
    class="Box-sc-1bsf784-0 iPRsIc"
    data-testid="msrp-content"
  >
    <div
      class="Box-sc-1bsf784-0 flrrBB"
      display="flex"
    >
      <p
        class="sc-1k44dfv-0 bZVSot"
        color="typographyDefault"
        data-testid="price-label"
        font-family="default"
        font-weight="regular"
      >
        MSRP Starting From
      </p>
      <span
        class="Box-sc-1bsf784-0 gTpLoe pricing-tooltip"
        data-testid="cy-pricing-tooltip"
        height="14px"
        width="14px"
      >
        <button
          aria-label="MSRP Starting From"
          class="sc-1k44dfv-0 jOKBEK"
        />
      </span>
    </div>
    <h6
      class="sc-1k44dfv-0 eeeuqx"
      data-testid="cy-trim-price"
    >
      $500
    </h6>
  </div>
</div>
`;

exports[`<TrimPriceWithTooltip> should render correctly 1`] = `
<div>
  <div
    class="Box-sc-1bsf784-0 iPRsIc"
    data-testid="msrp-content"
  >
    <div
      class="Box-sc-1bsf784-0 flrrBB"
      display="flex"
    >
      <p
        class="sc-1k44dfv-0 bZVSot"
        color="typographyDefault"
        data-testid="price-label"
        font-family="default"
        font-weight="regular"
      >
        MSRP Starting From
      </p>
      <span
        class="Box-sc-1bsf784-0 gTpLoe pricing-tooltip"
        data-testid="cy-pricing-tooltip"
        height="14px"
        width="14px"
      >
        <button
          aria-label="MSRP Starting From"
          class="sc-1k44dfv-0 jOKBEK"
        />
      </span>
    </div>
    <h6
      class="sc-1k44dfv-0 eeeuqx"
      data-testid="cy-trim-price"
    >
      $500
    </h6>
  </div>
</div>
`;
